---
source: crates/shipper-cli/tests/e2e_expanded.rs
expression: normalize_output(&normalize_stderr(&stderr))
---
[1/1] Publishing demo@0.1.0... (<DURATION>)
Error: resume failed — next steps:
  * if plan-ID mismatch: either `shipper clean` and start a fresh plan, or pass `--force-resume` if you understand the divergence
  * inspect <STATE_DIR>/events.jsonl for the authoritative event log
  * inspect <STATE_DIR>/state.json to see what was already published
  * run `shipper status` to compare local versions to the registry

Caused by:
    0: failed to parse state JSON <STATE_DIR>/state.json
    1: EOF while parsing a value at line 1 column 0
