---
source: crates/shipper-auth/src/lib.rs
expression: mapped
---
[
    (
        "crates-io",
        "CARGO_REGISTRIES_CRATES_IO_TOKEN",
    ),
    (
        "my-private-reg",
        "CARGO_REGISTRIES_MY_PRIVATE_REG_TOKEN",
    ),
    (
        "reg123",
        "CARGO_REGISTRIES_REG123_TOKEN",
    ),
    (
        "UPPER-reg",
        "CARGO_REGISTRIES_UPPER_REG_TOKEN",
    ),
]
