---
source: crates/shipper-cli/src/output/progress/tests.rs
assertion_line: 788
expression: formatted
---
[
    "name=\"normal\" ver=\"1.0.0\" => \"normal@1.0.0\"",
    "name=\"\" ver=\"\" => \"@\"",
    "name=\"a\" ver=\"0.0.0\" => \"a@0.0.0\"",
    "name=\"crate-with-dashes\" ver=\"0.1.0-alpha.1+meta\" => \"crate-with-dashes@0.1.0-alpha.1+meta\"",
]
